// Jest Snapshot v1, https://goo.gl/fbAQLP

exports[`About component should render without crashing 1`] = `
ShallowWrapper {
  Symbol(enzyme.__root__): [Circular],
  Symbol(enzyme.__unrendered__): <About />,
  Symbol(enzyme.__renderer__): Object {
    "batchedUpdates": [Function],
    "getNode": [Function],
    "render": [Function],
    "simulateError": [Function],
    "simulateEvent": [Function],
    "unmount": [Function],
  },
  Symbol(enzyme.__node__): Object {
    "instance": null,
    "key": undefined,
    "nodeType": "host",
    "props": Object {
      "children": Array [
        <h2 />,
        <p>
          The front end course directory lists many of the courses we teach on HTML, CSS, JavaScript and more! Be sure to visit the Teachers section to view a list of our talented teachers. Or visit the Courses section and select a topic -- HTML, CSS, or JavaScript -- to see a list of our courses.
</p>,
      ],
      "className": "main-content",
    },
    "ref": null,
    "rendered": Array [
      Object {
        "instance": null,
        "key": undefined,
        "nodeType": "host",
        "props": Object {
          "children": undefined,
        },
        "ref": null,
        "rendered": null,
        "type": "h2",
      },
      Object {
        "instance": null,
        "key": undefined,
        "nodeType": "host",
        "props": Object {
          "children": "The front end course directory lists many of the courses we teach on HTML, CSS, JavaScript and more! Be sure to visit the Teachers section to view a list of our talented teachers. Or visit the Courses section and select a topic -- HTML, CSS, or JavaScript -- to see a list of our courses.",
        },
        "ref": null,
        "rendered": "The front end course directory lists many of the courses we teach on HTML, CSS, JavaScript and more! Be sure to visit the Teachers section to view a list of our talented teachers. Or visit the Courses section and select a topic -- HTML, CSS, or JavaScript -- to see a list of our courses.",
        "type": "p",
      },
    ],
    "type": "div",
  },
  Symbol(enzyme.__nodes__): Array [
    Object {
      "instance": null,
      "key": undefined,
      "nodeType": "host",
      "props": Object {
        "children": Array [
          <h2 />,
          <p>
            The front end course directory lists many of the courses we teach on HTML, CSS, JavaScript and more! Be sure to visit the Teachers section to view a list of our talented teachers. Or visit the Courses section and select a topic -- HTML, CSS, or JavaScript -- to see a list of our courses.
</p>,
        ],
        "className": "main-content",
      },
      "ref": null,
      "rendered": Array [
        Object {
          "instance": null,
          "key": undefined,
          "nodeType": "host",
          "props": Object {
            "children": undefined,
          },
          "ref": null,
          "rendered": null,
          "type": "h2",
        },
        Object {
          "instance": null,
          "key": undefined,
          "nodeType": "host",
          "props": Object {
            "children": "The front end course directory lists many of the courses we teach on HTML, CSS, JavaScript and more! Be sure to visit the Teachers section to view a list of our talented teachers. Or visit the Courses section and select a topic -- HTML, CSS, or JavaScript -- to see a list of our courses.",
          },
          "ref": null,
          "rendered": "The front end course directory lists many of the courses we teach on HTML, CSS, JavaScript and more! Be sure to visit the Teachers section to view a list of our talented teachers. Or visit the Courses section and select a topic -- HTML, CSS, or JavaScript -- to see a list of our courses.",
          "type": "p",
        },
      ],
      "type": "div",
    },
  ],
  Symbol(enzyme.__options__): Object {
    "adapter": ReactSixteenAdapter {
      "options": Object {
        "enableComponentDidUpdateOnSetState": true,
        "lifecycles": Object {
          "componentDidUpdate": Object {
            "onSetState": true,
          },
          "getDerivedStateFromProps": true,
          "getSnapshotBeforeUpdate": true,
          "setState": Object {
            "skipsComponentDidUpdateOnNullish": true,
          },
        },
      },
    },
  },
}
`;
